---------------------------------------------
OSHONSOFT Z80 ASSEMBLER LISTING
Line   Addr Opcode      Label   Instruction
---------------------------------------------
0001   0000             	org 0000h
0002   0000 06 44       	ld b,01000100b	;numero binario en bcd
0003   0002 78          	ld a,b ;se inicializan variables
0004   0003 26 00       	ld h,0 ;reincia h
0005   0005 6F          	ld l,a ; carga el valor bcd en l
0006   0006 E6 F0       	and 0xF0 ; aisla los 4 bits mas altos
0007   0008 0F          	rrca ;rota a la derecha 4 bits
0008   0009 0F          	rrca
0009   000A 0F          	rrca
0010   000B 0F          	rrca
0011   000C 67          	ld h,a
0012   000D 7D          	ld a,l
0013   000E E6 0F       	and 0x0F
0014   0010 84          	add a,h
0015   0011 0E 00       	ld c,0
0016   0013 16 00       	ld d,0
0017   0015             calc_root:
0018   0015 0C          	inc c
0019   0016 51          	ld d,c
0020   0017 79          	ld a,c
0021   0018 59          	ld e,c
0022   0019 AF          	xor a
0023   001A             mult_loop:
0024   001A 83          	add a,e
0025   001B 15          	dec d
0026   001C C2 1A 00    	jp nz,mult_loop
0027   001F             
0028   001F B8          	cp b
0029   0020 28 06       	jr z,stop
0030   0022 30 03       	jr nc, round
0031   0024 C3 15 00    	jp calc_root
0032   0027             round:
0033   0027 0D          	dec c
0034   0028             stop:
0035   0028 76          	halt
0036   0029             end
Number of errors = 0
